[cloudera@quickstart ~]$ hadoop fs -put log.csv l1
[cloudera@quickstart ~]$ hadoop jar pc2_frequency.jar pack.myclass li dir2
23/05/29 16:56:11 INFO client.RMProxy: Connecting to ResourceManager at /0.0.0.0:8032
23/05/29 16:56:11 INFO mapreduce.JobSubmitter: Cleaning up the staging area /tmp/hadoop-yarn/staging/cloudera/.staging/job_1685361050523_0006
23/05/29 16:56:11 WARN security.UserGroupInformation: PriviledgedActionException as:cloudera (auth:SIMPLE) cause:org.apache.hadoop.mapreduce.lib.input.InvalidInputException: Input path does not exist: hdfs://quickstart.cloudera:8020/user/cloudera/li
Exception in thread "main" org.apache.hadoop.mapreduce.lib.input.InvalidInputException: Input path does not exist: hdfs://quickstart.cloudera:8020/user/cloudera/li
	at org.apache.hadoop.mapreduce.lib.input.FileInputFormat.singleThreadedListStatus(FileInputFormat.java:321)
	at org.apache.hadoop.mapreduce.lib.input.FileInputFormat.listStatus(FileInputFormat.java:264)
	at org.apache.hadoop.mapreduce.lib.input.FileInputFormat.getSplits(FileInputFormat.java:385)
	at org.apache.hadoop.mapreduce.JobSubmitter.writeNewSplits(JobSubmitter.java:597)
	at org.apache.hadoop.mapreduce.JobSubmitter.writeSplits(JobSubmitter.java:614)
	at org.apache.hadoop.mapreduce.JobSubmitter.submitJobInternal(JobSubmitter.java:492)
	at org.apache.hadoop.mapreduce.Job$10.run(Job.java:1306)
	at org.apache.hadoop.mapreduce.Job$10.run(Job.java:1303)
	at java.security.AccessController.doPrivileged(Native Method)
	at javax.security.auth.Subject.doAs(Subject.java:415)
	at org.apache.hadoop.security.UserGroupInformation.doAs(UserGroupInformation.java:1671)
	at org.apache.hadoop.mapreduce.Job.submit(Job.java:1303)
	at org.apache.hadoop.mapreduce.Job.waitForCompletion(Job.java:1324)
	at pack.myclass.main(myclass.java:31)
	at sun.reflect.NativeMethodAccessorImpl.invoke0(Native Method)
	at sun.reflect.NativeMethodAccessorImpl.invoke(NativeMethodAccessorImpl.java:57)
	at sun.reflect.DelegatingMethodAccessorImpl.invoke(DelegatingMethodAccessorImpl.java:43)
	at java.lang.reflect.Method.invoke(Method.java:606)
	at org.apache.hadoop.util.RunJar.run(RunJar.java:221)
	at org.apache.hadoop.util.RunJar.main(RunJar.java:136)
[cloudera@quickstart ~]$ hadoop fs -ls dir2
ls: `dir2': No such file or directory
[cloudera@quickstart ~]$ hadoop jar pc2_frequency.jar pack.myclass l1 dir3
23/05/29 16:57:18 INFO client.RMProxy: Connecting to ResourceManager at /0.0.0.0:8032
23/05/29 16:57:19 INFO input.FileInputFormat: Total input paths to process : 1
23/05/29 16:57:19 INFO mapreduce.JobSubmitter: number of splits:1
23/05/29 16:57:19 INFO mapreduce.JobSubmitter: Submitting tokens for job: job_1685361050523_0007
23/05/29 16:57:19 INFO impl.YarnClientImpl: Submitted application application_1685361050523_0007
23/05/29 16:57:19 INFO mapreduce.Job: The url to track the job: http://quickstart.cloudera:8088/proxy/application_1685361050523_0007/
23/05/29 16:57:19 INFO mapreduce.Job: Running job: job_1685361050523_0007
23/05/29 16:57:25 INFO mapreduce.Job: Job job_1685361050523_0007 running in uber mode : false
23/05/29 16:57:25 INFO mapreduce.Job:  map 0% reduce 0%
23/05/29 16:57:30 INFO mapreduce.Job:  map 100% reduce 0%
23/05/29 16:57:36 INFO mapreduce.Job:  map 100% reduce 100%
23/05/29 16:57:36 INFO mapreduce.Job: Job job_1685361050523_0007 completed successfully
23/05/29 16:57:36 INFO mapreduce.Job: Counters: 49
	File System Counters
		FILE: Number of bytes read=1864
		FILE: Number of bytes written=224349
		FILE: Number of read operations=0
		FILE: Number of large read operations=0
		FILE: Number of write operations=0
		HDFS: Number of bytes read=9671
		HDFS: Number of bytes written=31
		HDFS: Number of read operations=6
		HDFS: Number of large read operations=0
		HDFS: Number of write operations=2
	Job Counters 
		Launched map tasks=1
		Launched reduce tasks=1
		Data-local map tasks=1
		Total time spent by all maps in occupied slots (ms)=3154
		Total time spent by all reduces in occupied slots (ms)=3504
		Total time spent by all map tasks (ms)=3154
		Total time spent by all reduce tasks (ms)=3504
		Total vcore-seconds taken by all map tasks=3154
		Total vcore-seconds taken by all reduce tasks=3504
		Total megabyte-seconds taken by all map tasks=3229696
		Total megabyte-seconds taken by all reduce tasks=3588096
	Map-Reduce Framework
		Map input records=100
		Map output records=100
		Map output bytes=1658
		Map output materialized bytes=1864
		Input split bytes=113
		Combine input records=0
		Combine output records=0
		Reduce input groups=10
		Reduce shuffle bytes=1864
		Reduce input records=100
		Reduce output records=2
		Spilled Records=200
		Shuffled Maps =1
		Failed Shuffles=0
		Merged Map outputs=1
		GC time elapsed (ms)=63
		CPU time spent (ms)=820
		Physical memory (bytes) snapshot=352743424
		Virtual memory (bytes) snapshot=3007397888
		Total committed heap usage (bytes)=226365440
	Shuffle Errors
		BAD_ID=0
		CONNECTION=0
		IO_ERROR=0
		WRONG_LENGTH=0
		WRONG_MAP=0
		WRONG_REDUCE=0
	File Input Format Counters 
		Bytes Read=9558
	File Output Format Counters 
		Bytes Written=31
[cloudera@quickstart ~]$ hadoop fs -ls dir3
Found 2 items
-rw-r--r--   1 cloudera cloudera          0 2023-05-29 16:57 dir3/_SUCCESS
-rw-r--r--   1 cloudera cloudera         31 2023-05-29 16:57 dir3/part-r-00000
[cloudera@quickstart ~]$ hadoop fs -cat dir3/part-r-00000
10.10.10.221	360
10.10.15.9	60
[cloudera@quickstart ~]$ 
